+ export PATH=/root/.cargo/bin:/usr/local/cuda-12.9/bin:/usr/local/sbin:/usr/local/bin:/usr/sbin:/usr/bin:/sbin:/bin:/usr/games:/usr/local/games:/snap/bin
+ PATH=/root/.cargo/bin:/usr/local/cuda-12.9/bin:/usr/local/sbin:/usr/local/bin:/usr/sbin:/usr/bin:/sbin:/bin:/usr/games:/usr/local/games:/snap/bin
+ export LD_LIBRARY_PATH=/usr/local/cuda-12.9/lib64
+ LD_LIBRARY_PATH=/usr/local/cuda-12.9/lib64
++ nproc
+ export NVCC_THREADS=15
+ NVCC_THREADS=15
+ cd /root/o1-openvm
++ date -u +%H:%M:%S
+ echo '### 1-install-halo2-gpu @ 13:12:13'
### 1-install-halo2-gpu @ 13:12:13
+ cargo +1.91.1 install --locked --force --git https://github.com/openvm-org/openvm.git --tag v2.1.0-preview --features halo2-gpu cargo-openvm
    Updating git repository `https://github.com/openvm-org/openvm.git`
  Installing cargo-openvm v2.0.0 (https://github.com/openvm-org/openvm.git?tag=v2.1.0-preview#538c5488)
    Updating crates.io index
warning: package `spin v0.9.8` in Cargo.lock is yanked in registry `crates-io`, consider running without --locked
warning: package `spin v0.10.0` in Cargo.lock is yanked in registry `crates-io`, consider running without --locked
   Compiling proc-macro2 v1.0.106
   Compiling quote v1.0.45
   Compiling unicode-ident v1.0.18
   Compiling libc v0.2.175
   Compiling serde_core v1.0.228
   Compiling serde v1.0.228
   Compiling cfg-if v1.0.1
   Compiling autocfg v1.5.0
   Compiling zerocopy v0.8.26
   Compiling shlex v1.3.0
   Compiling once_cell v1.21.3
   Compiling version_check v0.9.5
   Compiling subtle v2.6.1
   Compiling typenum v1.20.1
   Compiling pin-project-lite v0.2.16
   Compiling paste v1.0.15
   Compiling itoa v1.0.18
   Compiling const-oid v0.9.6
   Compiling radium v0.7.0
   Compiling allocator-api2 v0.2.21
   Compiling tracing-core v0.1.36
   Compiling tap v1.0.1
   Compiling funty v2.0.0
   Compiling crossbeam-utils v0.8.21
   Compiling generic-array v0.14.6
   Compiling num-traits v0.2.19
   Compiling wyz v0.5.1
   Compiling lock_api v0.4.13
   Compiling getrandom v0.3.3
   Compiling memchr v2.7.5
   Compiling foldhash v0.2.0
   Compiling scopeguard v1.2.0
   Compiling equivalent v1.0.2
   Compiling crossbeam-epoch v0.9.20
   Compiling rayon-core v1.13.0
   Compiling rustversion v1.0.22
   Compiling syn v2.0.118
   Compiling getrandom v0.2.16
   Compiling cpufeatures v0.2.17
   Compiling jobserver v0.1.33
   Compiling ryu v1.0.23
   Compiling hashbrown v0.16.1
   Compiling glob v0.3.3
   Compiling ahash v0.8.12
   Compiling rand_core v0.6.4
   Compiling rand_core v0.9.3
   Compiling cc v1.2.33
   Compiling toml_datetime v0.6.11
   Compiling syn v1.0.109
   Compiling num-integer v0.1.46
   Compiling rand_xorshift v0.3.0
   Compiling crossbeam-deque v0.8.6
   Compiling arrayvec v0.7.6
   Compiling spin v0.9.8
   Compiling strength_reduce v0.2.4
   Compiling indexmap v2.12.1
   Compiling transpose v0.2.3
   Compiling lazy_static v1.5.0
   Compiling thiserror v2.0.15
   Compiling heck v0.5.0
   Compiling arrayref v0.3.9
   Compiling thiserror v1.0.69
   Compiling spin v0.10.0
   Compiling static_assertions v1.1.0
   Compiling serde_json v1.0.142
   Compiling smallvec v1.15.1
   Compiling proc-macro-error-attr2 v2.0.0
   Compiling constant_time_eq v0.3.1
   Compiling base64ct v1.8.0
   Compiling blake2b_simd v1.0.3
   Compiling unicode-xid v0.2.6
   Compiling winnow v0.5.40
   Compiling openvm-cuda-builder v2.0.0 (https://github.com/openvm-org/stark-backend.git?branch=develop-v2.1.0#8f23bfc4)
   Compiling ppv-lite86 v0.2.21
   Compiling base16ct v0.2.0
   Compiling pem-rfc7468 v0.7.0
   Compiling eyre v0.6.12
   Compiling num_cpus v1.17.0
   Compiling metrics v0.23.1
   Compiling rand_chacha v0.3.1
   Compiling rand_chacha v0.9.0
   Compiling bitflags v2.10.0
   Compiling rand v0.8.5
   Compiling rand v0.9.2
   Compiling openvm-cuda-common v2.0.0 (https://github.com/openvm-org/stark-backend.git?branch=develop-v2.1.0#8f23bfc4)
   Compiling tikv-jemalloc-sys v0.6.0+5.3.0-1-ge13ca993e8ccb9ba9847cc330696e02839f328f7
   Compiling indenter v0.3.4
   Compiling aho-corasick v1.1.3
   Compiling hex-literal v1.0.0
   Compiling rustc-hash v2.1.1
   Compiling regex-syntax v0.8.5
   Compiling log v0.4.27
   Compiling either v1.15.0
   Compiling openvm-circuit-primitives v2.0.0 (/root/.cargo/git/checkouts/openvm-e4fe658744a82733/538c548/crates/circuits/primitives)
   Compiling futures-core v0.3.31
   Compiling simd-adler32 v0.3.9
   Compiling memuse v0.2.2
   Compiling keccak v0.1.6
   Compiling adler2 v2.0.1
   Compiling object v0.36.7
   Compiling toml_edit v0.19.15
   Compiling miniz_oxide v0.8.9
   Compiling gimli v0.31.1
   Compiling dtor-proc-macro v0.0.6
   Compiling socket2 v0.6.0
   Compiling mio v1.0.4
   Compiling dtor v0.1.0
   Compiling fnv v1.0.7
   Compiling ctor-proc-macro v0.0.6
   Compiling num-bigint v0.4.6
   Compiling rustc-demangle v0.1.26
   Compiling byteorder v1.5.0
   Compiling futures-sink v0.3.31
   Compiling ctor v0.5.0
   Compiling bytesize v2.0.1
   Compiling crunchy v0.2.4
   Compiling proc-macro-error2 v2.0.1
   Compiling synstructure v0.13.2
   Compiling ark-std v0.4.0
   Compiling tracing-log v0.2.0
   Compiling raw-cpuid v11.5.0
   Compiling hashbrown v0.14.5
   Compiling nibble_vec v0.1.0
   Compiling proc-macro-crate v1.3.1
   Compiling regex-automata v0.4.13
   Compiling sharded-slab v0.1.7
   Compiling thread_local v1.1.9
   Compiling endian-type v0.1.2
   Compiling pin-utils v0.1.0
   Compiling nu-ansi-term v0.50.1
   Compiling parking_lot_core v0.9.11
   Compiling radix_trie v0.2.1
   Compiling addr2line v0.24.2
   Compiling nvtx v1.3.0
   Compiling ordered-float v4.6.0
   Compiling sketches-ddsketch v0.2.2
   Compiling quanta v0.12.6
   Compiling derivative v2.2.0
   Compiling serde_derive v1.0.228
   Compiling zeroize_derive v1.4.2
   Compiling tracing-attributes v0.1.31
   Compiling thiserror-impl v2.0.15
   Compiling thiserror-impl v1.0.69
   Compiling strum_macros v0.26.4
   Compiling getset v0.1.6
   Compiling openvm-custom-insn v0.1.0 (/root/.cargo/git/checkouts/openvm-e4fe658744a82733/538c548/crates/toolchain/custom_insn)
   Compiling zerofrom-derive v0.1.6
   Compiling openvm-codec-derive v2.0.0 (https://github.com/openvm-org/stark-backend.git?branch=develop-v2.1.0#8f23bfc4)
   Compiling zeroize v1.8.1
   Compiling der v0.7.10
   Compiling derive-new v0.7.0
   Compiling yoke-derive v0.8.0
   Compiling tracing v0.1.44
   Compiling derive-new v0.6.0
   Compiling block-buffer v0.10.4
   Compiling crypto-common v0.1.6
   Compiling crypto-bigint v0.5.5
   Compiling cobs v0.3.0
   Compiling digest v0.10.7
   Compiling zerovec-derive v0.11.1
   Compiling tokio-macros v2.6.1
   Compiling openvm-instructions-derive v2.0.0 (/root/.cargo/git/checkouts/openvm-e4fe658744a82733/538c548/crates/toolchain/instructions/derive)
   Compiling displaydoc v0.2.5
   Compiling sha2 v0.10.9
   Compiling hmac v0.12.1
   Compiling signature v2.2.0
   Compiling spki v0.7.3
   Compiling rfc6979 v0.4.0
   Compiling sha3 v0.10.8
   Compiling ark-ff-macros v0.4.2
   Compiling pkcs8 v0.10.2
   Compiling openvm-riscv-guest v2.0.0 (/root/.cargo/git/checkouts/openvm-e4fe658744a82733/538c548/extensions/riscv/guest)
   Compiling openvm-platform v2.0.0 (/root/.cargo/git/checkouts/openvm-e4fe658744a82733/538c548/crates/toolchain/platform)
   Compiling strum v0.26.3
   Compiling ark-ff-asm v0.4.2
   Compiling blake2 v0.10.6
   Compiling sec1 v0.7.1
   Compiling metrics-util v0.17.0
   Compiling matchers v0.2.0
   Compiling tracing-subscriber v0.3.20
   Compiling tiny-keccak v2.0.2
   Compiling lockfree-object-pool v0.1.6
   Compiling ansi_term v0.12.1
   Compiling itertools v0.14.0
   Compiling openvm-cuda-backend v2.0.0 (https://github.com/openvm-org/stark-backend.git?branch=develop-v2.1.0#8f23bfc4)
   Compiling slab v0.4.11
   Compiling winnow v0.7.14
   Compiling alloy-rlp-derive v0.3.12
   Compiling struct-reflection-derive v0.1.0
   Compiling dunce v1.0.5
   Compiling pkg-config v0.3.32
   Compiling derive_more-impl v2.0.1
   Compiling futures-task v0.3.31
   Compiling openvm-decoder v2.0.0 (/root/.cargo/git/checkouts/openvm-e4fe658744a82733/538c548/crates/toolchain/decoder)
   Compiling ruint-macro v1.2.1
   Compiling struct-reflection v0.1.0
   Compiling elf v0.7.4
   Compiling futures-io v0.3.32
   Compiling unroll v0.1.5
   Compiling futures-util v0.3.31
   Compiling openvm-poseidon2-air v2.0.0 (/root/.cargo/git/checkouts/openvm-e4fe658744a82733/538c548/crates/circuits/poseidon2-air)
   Compiling bitvec v1.0.1
   Compiling bytes v1.11.1
   Compiling rayon v1.11.0
   Compiling hex v0.4.3
   Compiling p3-util v0.4.3
   Compiling postcard v1.1.3
   Compiling tokio v1.50.0
   Compiling backtrace v0.3.75
   Compiling http v1.3.1
   Compiling ark-serialize v0.4.2
   Compiling itertools v0.10.5
   Compiling http-body v1.0.1
   Compiling serde-big-array v0.5.1
   Compiling p3-maybe-rayon v0.4.3
   Compiling dashmap v6.1.0
   Compiling p3-field v0.4.3
   Compiling metrics-tracing-context v0.16.0
   Compiling tracing-forest v0.1.6
   Compiling toml_edit v0.22.27
   Compiling alloy-rlp v0.3.12
   Compiling ff v0.13.1
   Compiling ff v0.12.1
   Compiling openvm-circuit-primitives-derive v2.0.0 (/root/.cargo/git/checkouts/openvm-e4fe658744a82733/538c548/crates/circuits/primitives/derive)
   Compiling group v0.13.0
   Compiling group v0.12.1
   Compiling ruint v1.17.2
   Compiling derive_more v2.0.1
   Compiling pasta_curves v0.4.1
   Compiling pasta_curves v0.5.1
   Compiling elliptic-curve v0.13.8
   Compiling pairing v0.22.0
   Compiling bls12_381 v0.7.1
   Compiling p3-matrix v0.4.3
   Compiling p3-symmetric v0.4.3
   Compiling ecdsa v0.16.9
   Compiling ark-ff v0.4.2
   Compiling pairing v0.23.0
   Compiling const-hex v1.15.0
   Compiling halo2_proofs v0.1.0
   Compiling p3-dft v0.4.3
   Compiling p3-air v0.4.3
   Compiling p3-interpolation v0.4.3
   Compiling jubjub v0.9.0
   Compiling proc-macro-crate v3.3.0
   Compiling k256 v0.13.4
   Compiling serde_arrays v0.1.0
   Compiling icu_properties_data v2.0.1
   Compiling powerfmt v0.2.0
   Compiling icu_normalizer_data v2.0.0
   Compiling p3-mds v0.4.3
   Compiling deranged v0.5.5
   Compiling alloy-primitives v1.4.1
   Compiling p3-poseidon2 v0.4.3
   Compiling p3-monty-31 v0.4.3
   Compiling p3-bn254 v0.4.3
   Compiling tokio-util v0.7.18
   Compiling num_enum_derive v0.7.4
   Compiling p3-poseidon2-air v0.4.3
   Compiling p3-challenger v0.4.3
   Compiling http-body-util v0.1.3
   Compiling http v0.2.12
   Compiling derive_more-impl v1.0.0
   Compiling p3-baby-bear v0.4.3
   Compiling blst v0.3.15
   Compiling openvm-circuit v2.0.0 (/root/.cargo/git/checkouts/openvm-e4fe658744a82733/538c548/crates/vm)
   Compiling time-core v0.1.8
   Compiling vsimd v0.8.0
   Compiling outref v0.5.2
   Compiling num-conv v0.2.0
   Compiling bytes-utils v0.1.4
   Compiling time v0.3.47
   Compiling openvm-circuit-derive v2.0.0 (/root/.cargo/git/checkouts/openvm-e4fe658744a82733/538c548/crates/vm/derive)
   Compiling num_enum v0.7.4
   Compiling base64-simd v0.8.0
   Compiling memmap2 v0.9.7
   Compiling rvr-state v2.0.0 (/root/.cargo/git/checkouts/openvm-e4fe658744a82733/538c548/crates/rvr/rvr-state)
   Compiling zerofrom v0.1.6
   Compiling http-body v0.4.6
   Compiling threadpool v1.8.1
   Compiling cmake v0.1.54
   Compiling stable_deref_trait v1.2.0
   Compiling fs_extra v1.3.0
   Compiling yoke v0.8.0
   Compiling halo2 v0.1.0-beta.2
   Compiling ident_case v1.0.1
   Compiling aws-lc-sys v0.39.1
   Compiling percent-encoding v2.3.1
   Compiling strsim v0.11.1
   Compiling revm-primitives v20.2.1
   Compiling enum-ordinalize-derive v4.3.1
   Compiling foldhash v0.1.5
   Compiling zerovec v0.11.4
   Compiling aws-smithy-async v1.2.14
   Compiling aws-smithy-types v1.5.0
   Compiling enum-ordinalize v4.3.0
   Compiling hashbrown v0.15.5
   Compiling derive_more v1.0.0
   Compiling primeorder v0.13.6
   Compiling aws-smithy-runtime-api-macros v1.0.0
   Compiling ark-serialize-derive v0.5.0
   Compiling openvm-macros-common v2.0.0 (/root/.cargo/git/checkouts/openvm-e4fe658744a82733/538c548/crates/toolchain/macros)
   Compiling ark-std v0.5.0
   Compiling ring v0.17.14
   Compiling num-complex v0.4.6
   Compiling bytemuck v1.23.2
   Compiling anyhow v1.0.99
   Compiling aws-lc-rs v1.16.2
   Compiling lru v0.12.5
   Compiling aws-smithy-runtime-api v1.12.3
   Compiling ark-serialize v0.5.0
   Compiling p256 v0.13.2
   Compiling educe v0.6.0
   Compiling revm-bytecode v6.2.2
   Compiling itertools v0.13.0
   Compiling rustls-pki-types v1.12.0
   Compiling zkhash-axiom v0.2.0
   Compiling ark-ff-macros v0.5.0
   Compiling ark-ff-asm v0.5.0
   Compiling num-modular v0.5.1
   Compiling openvm-riscv-circuit v2.0.0 (/root/.cargo/git/checkouts/openvm-e4fe658744a82733/538c548/extensions/riscv/circuit)
   Compiling halo2curves-axiom v0.7.3 (https://github.com/axiom-crypto/halo2curves.git?tag=v0.7.3#d744f712)
   Compiling revm-state v7.0.5
   Compiling auto_impl v1.3.0
   Compiling cuda-config v0.1.0
   Compiling crc32fast v1.5.0
   Compiling httparse v1.10.1
   Compiling untrusted v0.9.0
   Compiling cuda-driver-sys v0.3.0
   Compiling num-prime v0.4.4
   Compiling tinystr v0.8.1
   Compiling openvm-algebra-complex-macros v2.0.0 (/root/.cargo/git/checkouts/openvm-e4fe658744a82733/538c548/extensions/algebra/complex-macros)
   Compiling revm-database-interface v7.0.5
   Compiling zstd-sys v2.0.16+zstd.1.5.7
   Compiling secp256k1-sys v0.11.0
   Compiling rustls v0.23.31
   Compiling litemap v0.8.0
   Compiling atomic-waker v1.1.2
   Compiling try-lock v0.2.5
   Compiling tower-service v0.3.3
   Compiling ark-ff v0.5.0
   Compiling writeable v0.6.1
   Compiling want v0.3.1
   Compiling h2 v0.4.12
   Compiling icu_locale_core v2.0.0
   Compiling openvm-algebra-moduli-macros v2.0.0 (/root/.cargo/git/checkouts/openvm-e4fe658744a82733/538c548/extensions/algebra/moduli-macros)
   Compiling potential_utf v0.1.2
   Compiling darling_core v0.20.11
   Compiling zerotrie v0.2.2
   Compiling tikv-jemallocator v0.6.0
   Compiling openvm-stark-backend v2.0.0 (https://github.com/openvm-org/stark-backend.git?branch=develop-v2.1.0#8f23bfc4)
   Compiling alloy-eip7702 v0.6.3
   Compiling alloy-eip2930 v0.2.3
   Compiling num-rational v0.4.2
   Compiling futures-channel v0.3.31
   Compiling c-kzg v2.1.5
   Compiling num-iter v0.1.45
   Compiling hybrid-array v0.4.12
   Compiling halo2curves-axiom v0.7.2
   Compiling semver v1.0.26
   Compiling hyper v1.7.0
   Compiling num v0.4.3
   Compiling revm-context-interface v9.0.0
   Compiling darling_macro v0.20.11
   Compiling icu_provider v2.0.0
   Compiling icu_collections v2.0.0
   Compiling form_urlencoded v1.2.1
   Compiling sync_wrapper v1.0.2
   Compiling crossbeam-channel v0.5.15
   Compiling crossbeam-queue v0.3.12
   Compiling base64 v0.22.1
   Compiling tower-layer v0.3.3
   Compiling vcpkg v0.2.15
   Compiling zstd-safe v7.2.4
   Compiling ipnet v2.11.0
   Compiling cmov v0.5.4
   Compiling ark-poly v0.5.0
   Compiling quick-error v1.2.3
   Compiling openssl-probe v0.1.6
   Compiling libz-sys v1.1.22
   Compiling rustls-native-certs v0.8.1
   Compiling humantime v1.3.0
   Compiling hyper-util v0.1.16
   Compiling ctutils v0.4.2
   Compiling crossbeam v0.8.4
   Compiling tower v0.5.2
   Compiling darling v0.20.11
   Compiling block-buffer v0.12.1
   Compiling crypto-common v0.2.2
   Compiling aurora-engine-modexp v1.2.0
   Compiling ark-ec v0.5.0
   Compiling aws-smithy-eventstream v0.60.21
   Compiling webpki-roots v1.0.8
   Compiling openvm v2.0.0 (/root/.cargo/git/checkouts/openvm-e4fe658744a82733/538c548/crates/toolchain/openvm)
   Compiling openvm-ecc-sw-macros v2.0.0 (/root/.cargo/git/checkouts/openvm-e4fe658744a82733/538c548/extensions/ecc/sw-macros)
   Compiling maybe-rayon v0.1.1
   Compiling itertools v0.11.0
   Compiling regex v1.12.2
   Compiling openvm-algebra-guest v2.0.0 (/root/.cargo/git/checkouts/openvm-e4fe658744a82733/538c548/extensions/algebra/guest)
   Compiling ripemd v0.1.3
   Compiling openvm-instructions v2.0.0 (/root/.cargo/git/checkouts/openvm-e4fe658744a82733/538c548/crates/toolchain/instructions)
   Compiling openvm-cpu-backend v2.0.0 (https://github.com/openvm-org/stark-backend.git?branch=develop-v2.1.0#8f23bfc4)
   Compiling secp256k1 v0.31.1
   Compiling ark-bn254 v0.5.0
   Compiling openvm-transpiler v2.0.0 (/root/.cargo/git/checkouts/openvm-e4fe658744a82733/538c548/crates/toolchain/transpiler)
   Compiling ark-bls12-381 v0.5.0
   Compiling openvm-riscv-transpiler v2.0.0 (/root/.cargo/git/checkouts/openvm-e4fe658744a82733/538c548/extensions/riscv/transpiler)
   Compiling derive-where v1.6.0
   Compiling git-version-macro v0.3.9
   Compiling rustacuda_derive v0.1.2
   Compiling halo2-axiom-gpu v1.0.0 (https://github.com/axiom-crypto/halo2-gpu.git?branch=develop-v2.1.0#85ad4c2a)
   Compiling flume v0.10.14
   Compiling atty v0.2.14
   Compiling rustc-hash v1.1.0
   Compiling bitflags v1.3.2
   Compiling termcolor v1.4.1
   Compiling rustacuda_core v0.1.2
   Compiling const-oid v0.10.2
   Compiling rustacuda v0.1.3
   Compiling icu_normalizer v2.0.0
   Compiling git-version v0.3.9
   Compiling env_logger v0.7.1
   Compiling digest v0.11.3
   Compiling yastl v0.1.2
   Compiling revm-precompile v25.0.0
   Compiling revm-context v8.0.4
   Compiling openvm-stark-sdk v2.0.0 (https://github.com/openvm-org/stark-backend.git?branch=develop-v2.1.0#8f23bfc4)
   Compiling openvm-ecc-guest v2.0.0 (/root/.cargo/git/checkouts/openvm-e4fe658744a82733/538c548/extensions/ecc/guest)
   Compiling aws-smithy-http v0.63.6
   Compiling rustc_version v0.4.1
   Compiling serde_with_macros v3.14.0
   Compiling icu_properties v2.0.1
   Compiling revm-interpreter v24.0.0
   Compiling openvm-recursion-circuit-derive v2.0.0 (/root/.cargo/git/checkouts/openvm-e4fe658744a82733/538c548/crates/recursion/derive)
   Compiling test-case-core v3.3.1
   Compiling ark-std v0.3.0
   Compiling openvm-recursion-circuit v2.0.0 (/root/.cargo/git/checkouts/openvm-e4fe658744a82733/538c548/crates/recursion)
   Compiling colored v2.2.0
   Compiling matrixmultiply v0.3.10
   Compiling fastrand v2.3.0
   Compiling cfg-if v0.1.10
   Compiling idna_adapter v1.2.1
   Compiling serde_with v3.14.0
   Compiling aws-types v1.3.16
   Compiling aws-smithy-schema v0.1.0
   Compiling revm-handler v8.1.0
   Compiling aws-credential-types v1.2.14
   Compiling test-case-macros v3.3.1
   Compiling bitcode v0.6.7
   Compiling darling_core v0.21.2
   Compiling poseidon-primitives v0.2.0
   Compiling libgit2-sys v0.17.0+1.8.1
   Compiling openvm-algebra-circuit v2.0.0 (/root/.cargo/git/checkouts/openvm-e4fe658744a82733/538c548/extensions/algebra/circuit)
   Compiling cpufeatures v0.3.0
   Compiling utf8_iter v1.0.4
   Compiling downcast-rs v1.2.1
   Compiling rustc-hex v2.1.0
   Compiling rustix v1.0.8
   Compiling prettyplease v0.2.36
   Compiling rawpointer v0.2.1
   Compiling byte-slice-cast v1.2.3
   Compiling idna v1.0.3
   Compiling blstrs v0.7.1
   Compiling fixed-hash v0.8.0
   Compiling halo2-axiom v0.5.2 (https://github.com/axiom-crypto/halo2.git?tag=v0.5.2#1eed4714)
   Compiling rrs-lib v0.1.0
   Compiling sha2 v0.11.0
   Compiling revm-inspector v8.1.0
   Compiling darling_macro v0.21.2
   Compiling test-case v3.3.1
   Compiling hmac v0.13.0
   Compiling openvm-algebra-transpiler v2.0.0 (/root/.cargo/git/checkouts/openvm-e4fe658744a82733/538c548/extensions/algebra/transpiler)
   Compiling revm-database v7.0.5
   Compiling aws-smithy-observability v0.2.6
   Compiling openvm-algebra-utils v2.0.0 (/root/.cargo/git/checkouts/openvm-e4fe658744a82733/538c548/extensions/algebra/utils)
   Compiling uint v0.9.5
   Compiling openvm-deferral-guest v2.0.0 (/root/.cargo/git/checkouts/openvm-e4fe658744a82733/538c548/extensions/deferral/guest)
   Compiling macro-string v0.1.4
   Compiling syn-solidity v1.4.1
   Compiling openvm-deferral-circuit v2.0.0 (/root/.cargo/git/checkouts/openvm-e4fe658744a82733/538c548/extensions/deferral/circuit)
   Compiling camino v1.1.11
   Compiling linux-raw-sys v0.9.4
   Compiling utf8parse v0.2.2
   Compiling alloy-sol-macro-input v1.4.1
   Compiling anstyle-parse v1.0.0
   Compiling revm v27.1.0
   Compiling openvm-deferral-transpiler v2.0.0 (/root/.cargo/git/checkouts/openvm-e4fe658744a82733/538c548/extensions/deferral/transpiler)
   Compiling primitive-types v0.12.2
   Compiling aws-sigv4 v1.4.5
   Compiling darling v0.21.2
   Compiling ndarray v0.16.1
   Compiling url v2.5.4
   Compiling openvm-pairing-guest v2.0.0 (/root/.cargo/git/checkouts/openvm-e4fe658744a82733/538c548/extensions/pairing/guest)
   Compiling openvm-ecc-transpiler v2.0.0 (/root/.cargo/git/checkouts/openvm-e4fe658744a82733/538c548/extensions/ecc/transpiler)
   Compiling serde_spanned v0.6.9
   Compiling openvm-bigint-guest v2.0.0 (/root/.cargo/git/checkouts/openvm-e4fe658744a82733/538c548/extensions/bigint/guest)
   Compiling openvm-keccak256-guest v2.0.0 (/root/.cargo/git/checkouts/openvm-e4fe658744a82733/538c548/extensions/keccak256/guest)
   Compiling openvm-sha2-guest v2.0.0 (/root/.cargo/git/checkouts/openvm-e4fe658744a82733/538c548/extensions/sha2/guest)
   Compiling openvm-keccak256-circuit v2.0.0 (/root/.cargo/git/checkouts/openvm-e4fe658744a82733/538c548/extensions/keccak256/circuit)
   Compiling openvm-bigint-circuit v2.0.0 (/root/.cargo/git/checkouts/openvm-e4fe658744a82733/538c548/extensions/bigint/circuit)
   Compiling openvm-sha2-circuit v2.0.0 (/root/.cargo/git/checkouts/openvm-e4fe658744a82733/538c548/extensions/sha2/circuit)
   Compiling vergen v8.3.2
   Compiling is_terminal_polyfill v1.70.1
   Compiling uuid v1.18.0
   Compiling crc-catalog v2.4.0
   Compiling num_threads v0.1.7
   Compiling anstyle-query v1.1.4
   Compiling anstyle v1.0.14
   Compiling colorchoice v1.0.4
   Compiling xmlparser v0.13.6
   Compiling toml_write v0.1.2
   Compiling aws-smithy-xml v0.60.15
   Compiling anstream v1.0.0
   Compiling crc v3.3.0
   Compiling openvm-sha2-transpiler v2.0.0 (/root/.cargo/git/checkouts/openvm-e4fe658744a82733/538c548/extensions/sha2/transpiler)
   Compiling openvm-keccak256-transpiler v2.0.0 (/root/.cargo/git/checkouts/openvm-e4fe658744a82733/538c548/extensions/keccak256/transpiler)
   Compiling openvm-bigint-transpiler v2.0.0 (/root/.cargo/git/checkouts/openvm-e4fe658744a82733/538c548/extensions/bigint/transpiler)
   Compiling bon-macros v3.7.0
   Compiling openvm-pairing-transpiler v2.0.0 (/root/.cargo/git/checkouts/openvm-e4fe658744a82733/538c548/extensions/pairing/transpiler)
   Compiling alloy-sol-macro-expander v1.4.1
   Compiling ethereum-types v0.14.1
   Compiling aws-smithy-json v0.62.5
   Compiling p3-keccak-air v0.4.3
   Compiling bincode v1.3.3
   Compiling cargo-platform v0.1.9
   Compiling regex-lite v0.1.6
   Compiling portable-atomic v1.11.1
   Compiling clap_lex v1.1.0
   Compiling urlencoding v2.1.3
   Compiling aws-smithy-query v0.60.15
   Compiling clap_builder v4.6.0
   Compiling cargo_metadata v0.18.1
   Compiling alloy-sol-macro v1.4.1
   Compiling bon v3.7.0
   Compiling toml v0.8.23
   Compiling crc-fast v1.9.0
   Compiling sha1 v0.10.6
   Compiling md-5 v0.10.6
   Compiling clap_derive v4.6.1
   Compiling target-lexicon v0.12.16
   Compiling zstd v0.13.3
   Compiling unicode-width v0.2.2
   Compiling console v0.15.11
   Compiling alloy-sol-types v1.4.1
   Compiling clap v4.6.1
   Compiling openvm-build v2.0.0 (/root/.cargo/git/checkouts/openvm-e4fe658744a82733/538c548/crates/toolchain/build)
   Compiling tower-http v0.6.11
   Compiling tempfile v3.20.0
   Compiling xattr v1.6.1
   Compiling serde_urlencoded v0.7.1
   Compiling lru v0.16.4
   Compiling include_dir_macros v0.7.4
   Compiling filetime v0.2.29
   Compiling number_prefix v0.4.0
   Compiling indicatif v0.17.11
   Compiling tar v0.4.46
   Compiling include_dir v0.7.4
   Compiling flate2 v1.1.9
   Compiling aws-smithy-checksums v0.64.4
   Compiling git2 v0.19.0
   Compiling cargo-openvm v2.0.0 (/root/.cargo/git/checkouts/openvm-e4fe658744a82733/538c548/crates/cli)
   Compiling halo2-base v0.5.4 (https://github.com/axiom-crypto/halo2-lib.git?branch=develop-v2.1.0#d59f41ac)
   Compiling halo2-ecc v0.5.4 (https://github.com/axiom-crypto/halo2-lib.git?branch=develop-v2.1.0#d59f41ac)
   Compiling snark-verifier v0.2.6 (https://github.com/axiom-crypto/snark-verifier.git?branch=develop-v2.1.0#369f98ff)
   Compiling rustls-webpki v0.103.13
   Compiling snark-verifier-sdk v0.2.6 (https://github.com/axiom-crypto/snark-verifier.git?branch=develop-v2.1.0#369f98ff)
   Compiling tokio-rustls v0.26.2
   Compiling hyper-rustls v0.27.7
   Compiling aws-smithy-http-client v1.1.13
   Compiling reqwest v0.12.28
   Compiling aws-smithy-runtime v1.11.3
   Compiling aws-runtime v1.7.5
   Compiling aws-sdk-sts v1.98.0
   Compiling aws-sdk-s3 v1.123.0
   Compiling aws-config v1.8.14
   Compiling openvm-sha2-air v2.0.0 (/root/.cargo/git/checkouts/openvm-e4fe658744a82733/538c548/crates/circuits/sha2-air)
   Compiling openvm-mod-circuit-builder v2.0.0 (/root/.cargo/git/checkouts/openvm-e4fe658744a82733/538c548/crates/circuits/mod-builder)
   Compiling openvm-verify-stark-host v2.0.0 (/root/.cargo/git/checkouts/openvm-e4fe658744a82733/538c548/crates/verify)
   Compiling openvm-riscv-adapters v2.0.0 (/root/.cargo/git/checkouts/openvm-e4fe658744a82733/538c548/extensions/riscv-adapters)
   Compiling openvm-ecc-circuit v2.0.0 (/root/.cargo/git/checkouts/openvm-e4fe658744a82733/538c548/extensions/ecc/circuit)
   Compiling openvm-pairing-circuit v2.0.0 (/root/.cargo/git/checkouts/openvm-e4fe658744a82733/538c548/extensions/pairing/circuit)
   Compiling openvm-continuations v2.0.0 (/root/.cargo/git/checkouts/openvm-e4fe658744a82733/538c548/crates/continuations)
   Compiling openvm-verify-stark-circuit v2.0.0 (/root/.cargo/git/checkouts/openvm-e4fe658744a82733/538c548/guest-libs/verify-stark/circuit)
   Compiling openvm-static-verifier v2.0.0 (/root/.cargo/git/checkouts/openvm-e4fe658744a82733/538c548/crates/static-verifier)
   Compiling openvm-sdk-config v2.0.0 (/root/.cargo/git/checkouts/openvm-e4fe658744a82733/538c548/crates/sdk-config)
   Compiling openvm-sdk v2.0.0 (/root/.cargo/git/checkouts/openvm-e4fe658744a82733/538c548/crates/sdk)
    Finished `release` profile [optimized + debuginfo] target(s) in 2m 37s
   Replacing /root/.cargo/bin/cargo-openvm
    Replaced package `cargo-openvm v2.0.0 (https://github.com/openvm-org/openvm.git?tag=v2.1.0-preview#538c5488)` with `cargo-openvm v2.0.0 (https://github.com/openvm-org/openvm.git?tag=v2.1.0-preview#538c5488)` (executable `cargo-openvm`)

real	2m38.752s
user	25m31.139s
sys	3m12.785s
+ cargo openvm --version
cargo-openvm v2.0.0 (538c548) [cuda]
++ date -u +%H:%M:%S
+ echo '### 2-prove-evm-halo2-gpu @ 13:14:54'
### 2-prove-evm-halo2-gpu @ 13:14:54
+ cargo openvm prove evm --exe /root/o1-openvm/o1-openvm-verifier.vmexe --input input.json
Generating EVM proof, this may take a lot of compute and memory...
exe commit: 0x001f82fc317d173de27197cd34229cda546cd50400b99c29501904019fb7032d
EVM proof completed! Writing EVM proof to o1-openvm-verifier.evm.proof

real	4m59.611s
user	9m37.734s
sys	1m10.151s
++ date -u +%H:%M:%S
+ echo '### 3-verify-evm @ 13:19:54'
### 3-verify-evm @ 13:19:54
+ cargo openvm verify evm
Verifying EVM proof at /root/o1-openvm/o1-openvm-verifier.evm.proof
[/root/.cargo/git/checkouts/snark-verifier-5cc55660aeae13f6/369f98f/snark-verifier-sdk/src/evm.rs:202:5] gas_cost = 336146
Proof verified successfully!

real	0m1.712s
user	0m0.049s
sys	0m1.664s
++ date -u +%H:%M:%S
+ echo '### DONE @ 13:19:55'
### DONE @ 13:19:55
