+ export PATH=/root/.cargo/bin:/root/.sp1/bin:/root/.local/bin:/usr/local/sbin:/usr/local/bin:/usr/sbin:/usr/bin:/sbin:/bin:/usr/games:/usr/local/games:/snap/bin
+ PATH=/root/.cargo/bin:/root/.sp1/bin:/root/.local/bin:/usr/local/sbin:/usr/local/bin:/usr/sbin:/usr/bin:/sbin:/bin:/usr/games:/usr/local/games:/snap/bin
+ cd /root/o1js-to-zkvm
+ date -u '+START %H:%M:%S'
START 10:49:42
+ make prove-cuda
SP1_PROVER=cuda ./scripts/rust-prove.sh
==> Fixture: /root/o1js-to-zkvm/fixtures/mainnet-blockchain-snark
==> SP1_PROVER=cuda
==> Building o1zkvm...
make[1]: Entering directory '/root/o1js-to-zkvm'
cargo build --release -p o1-verifier-host 
warning: o1-verifier-host@0.1.0: rustc +succinct --version: "rustc 1.94.0-dev\n"
warning: o1-verifier-host@0.1.0: o1-verifier built at 2026-08-03 10:44:05
    Finished `release` profile [optimized] target(s) in 0.86s
make[1]: Leaving directory '/root/o1js-to-zkvm'
==> Starting sp1-gpu-server (device 0)...
==> sp1-gpu-server ready (PID 217547)
==> Generating real SP1 proof (cuda)...
[2m2026-08-03T10:49:45.836914Z[0m [32m INFO[0m initializing cuda prover
Running sp1-gpu-server 6.2.2 with device 0
[2m2026-08-03T10:49:46.033793Z[0m [32m INFO[0m [2msp1_gpu_server::server[0m[2m:[0m Server listening @ /tmp/sp1-cuda-0.sock
[2m2026-08-03T10:49:59.794329Z[0m [32m INFO[0m starting proof generation [3mmode[0m[2m=[0mCore
[2m2026-08-03T11:11:05.495893Z[0m [33m WARN[0m Memory usage is high: 80.35%, we recommend using the prover network
[2m2026-08-03T11:11:35.497500Z[0m [33m WARN[0m Memory usage is high: 80.44%, we recommend using the prover network
[2m2026-08-03T11:11:55.497892Z[0m [33m WARN[0m Memory usage is high: 81.54%, we recommend using the prover network
[2m2026-08-03T11:12:05.498949Z[0m [33m WARN[0m Memory usage is high: 80.89%, we recommend using the prover network
[2m2026-08-03T11:12:15.500726Z[0m [33m WARN[0m Memory usage is high: 82.38%, we recommend using the prover network
[2m2026-08-03T11:12:25.500914Z[0m [33m WARN[0m Memory usage is high: 81.83%, we recommend using the prover network
[2m2026-08-03T11:12:35.501820Z[0m [33m WARN[0m Memory usage is high: 80.70%, we recommend using the prover network
[2m2026-08-03T11:12:45.502056Z[0m [33m WARN[0m Memory usage is high: 82.75%, we recommend using the prover network
[2m2026-08-03T11:12:55.502308Z[0m [33m WARN[0m Memory usage is high: 82.29%, we recommend using the prover network
[2m2026-08-03T11:13:05.502596Z[0m [33m WARN[0m Memory usage is high: 83.51%, we recommend using the prover network
[2m2026-08-03T11:13:15.502816Z[0m [33m WARN[0m Memory usage is high: 84.39%, we recommend using the prover network
[2m2026-08-03T11:13:25.504797Z[0m [33m WARN[0m Memory usage is high: 83.53%, we recommend using the prover network
[2m2026-08-03T11:13:35.505029Z[0m [33m WARN[0m Memory usage is high: 80.17%, we recommend using the prover network
Pickles proof verified successfully inside SP1 zkVM!

==> Attestation
    vk_hash (o1js verificationKey.hash): 0x0607c216baae19480decfb5bacd8f96b13a15f14cd237ba28548bb924df6bdca
    statement (1 field(s)):
      [0] 0x11d6043093b2026da3bf34c38d12ca6c97658e55b470cee2e3d46f8374c27501

SP1 proof generated and verified.
==> SP1 proof generation succeeded.

real	32m21.628s
user	159m18.943s
sys	55m53.737s
+ date -u '+END %H:%M:%S'
END 11:22:04
+ echo '=== PROVE DONE ==='
=== PROVE DONE ===
